// Jest Snapshot v1, https://goo.gl/fbAQLP

exports[`Product Component renders correctly when API calls are successful 1`] = `null`;
